// Jest Snapshot v1, https://goo.gl/fbAQLP

exports[`<Article /> +++ render the component 1`] = `
<Provider
  store={
    Object {
      "clearActions": [Function],
      "dispatch": [Function],
      "getActions": [Function],
      "getState": [Function],
      "replaceReducer": [Function],
      "subscribe": [Function],
    }
  }
>
  <ModalProvider>
    <BrowserRouter>
      <Router
        history={
          Object {
            "action": "POP",
            "block": [Function],
            "createHref": [Function],
            "go": [Function],
            "goBack": [Function],
            "goForward": [Function],
            "length": 1,
            "listen": [Function],
            "location": Object {
              "hash": "",
              "pathname": "/",
              "search": "",
              "state": undefined,
            },
            "push": [Function],
            "replace": [Function],
          }
        }
      >
        <Connect(Article)
          match={
            Object {
              "params": Object {
                "id": 1,
              },
            }
          }
        >
          <Article
            editMode={true}
            handleDeleteElement={[Function]}
            match={
              Object {
                "params": Object {
                  "id": 1,
                },
              }
            }
          >
            <div
              className="container article"
            >
              <div
                className="leftImage"
              >
                <span>
                  No image
                </span>
              </div>
              <div
                className="rightDescr"
              >
                <div
                  className="top"
                >
                  <div
                    className="top-left"
                  >
                    <Link
                      className="link articleLink"
                      to="/undefined"
                    >
                      <LinkAnchor
                        className="link articleLink"
                        href="/undefined"
                        navigate={[Function]}
                      >
                        <a
                          className="link articleLink"
                          href="/undefined"
                          onClick={[Function]}
                        >
                          <div
                            className="title undefined edit"
                          />
                        </a>
                      </LinkAnchor>
                    </Link>
                    <div
                      className="buttons"
                    >
                      <button
                        className="waves-effect waves-light redC-bg lighten-3 btn btn-delete"
                        onClick={[Function]}
                      >
                        <i
                          className="material-icons center"
                        >
                          delete
                        </i>
                      </button>
                    </div>
                  </div>
                  <div
                    className="date"
                  />
                </div>
                <div
                  className="bottom"
                >
                  <div
                    className="descr"
                  />
                </div>
              </div>
            </div>
          </Article>
        </Connect(Article)>
      </Router>
    </BrowserRouter>
  </ModalProvider>
</Provider>
`;
