// Jest Snapshot v1, https://goo.gl/fbAQLP

exports[`<Calendar /> +++ render the component with search 1`] = `
<Provider
  store={
    Object {
      "clearActions": [Function],
      "dispatch": [Function],
      "getActions": [Function],
      "getState": [Function],
      "replaceReducer": [Function],
      "subscribe": [Function],
    }
  }
>
  <MemoryRouter
    initialEntries={
      Array [
        "/search?date=2021-03-02",
      ]
    }
  >
    <Router
      history={
        Object {
          "action": "POP",
          "block": [Function],
          "canGo": [Function],
          "createHref": [Function],
          "entries": Array [
            Object {
              "hash": "",
              "key": "w38pvo",
              "pathname": "/search",
              "search": "?date=2021-03-02",
              "state": undefined,
            },
          ],
          "go": [Function],
          "goBack": [Function],
          "goForward": [Function],
          "index": 0,
          "length": 1,
          "listen": [Function],
          "location": Object {
            "hash": "",
            "key": "w38pvo",
            "pathname": "/search",
            "search": "?date=2021-03-02",
            "state": undefined,
          },
          "push": [Function],
          "replace": [Function],
        }
      }
    >
      <withRouter(Connect(Calendar))>
        <Connect(Calendar)
          history={
            Object {
              "action": "POP",
              "block": [Function],
              "canGo": [Function],
              "createHref": [Function],
              "entries": Array [
                Object {
                  "hash": "",
                  "key": "w38pvo",
                  "pathname": "/search",
                  "search": "?date=2021-03-02",
                  "state": undefined,
                },
              ],
              "go": [Function],
              "goBack": [Function],
              "goForward": [Function],
              "index": 0,
              "length": 1,
              "listen": [Function],
              "location": Object {
                "hash": "",
                "key": "w38pvo",
                "pathname": "/search",
                "search": "?date=2021-03-02",
                "state": undefined,
              },
              "push": [Function],
              "replace": [Function],
            }
          }
          location={
            Object {
              "hash": "",
              "key": "w38pvo",
              "pathname": "/search",
              "search": "?date=2021-03-02",
              "state": undefined,
            }
          }
          match={
            Object {
              "isExact": false,
              "params": Object {},
              "path": "/",
              "url": "/",
            }
          }
        >
          <Calendar
            history={
              Object {
                "action": "POP",
                "block": [Function],
                "canGo": [Function],
                "createHref": [Function],
                "entries": Array [
                  Object {
                    "hash": "",
                    "key": "w38pvo",
                    "pathname": "/search",
                    "search": "?date=2021-03-02",
                    "state": undefined,
                  },
                ],
                "go": [Function],
                "goBack": [Function],
                "goForward": [Function],
                "index": 0,
                "length": 1,
                "listen": [Function],
                "location": Object {
                  "hash": "",
                  "key": "w38pvo",
                  "pathname": "/search",
                  "search": "?date=2021-03-02",
                  "state": undefined,
                },
                "push": [Function],
                "replace": [Function],
              }
            }
            location={
              Object {
                "hash": "",
                "key": "w38pvo",
                "pathname": "/search",
                "search": "?date=2021-03-02",
                "state": undefined,
              }
            }
            match={
              Object {
                "isExact": false,
                "params": Object {},
                "path": "/",
                "url": "/",
              }
            }
            setActive={[Function]}
          >
            <div
              className="input-field inline s6"
            >
              <input
                className="dateInput"
                onChange={[Function]}
                type="date"
                value="2021-03-02"
              />
            </div>
          </Calendar>
        </Connect(Calendar)>
      </withRouter(Connect(Calendar))>
    </Router>
  </MemoryRouter>
</Provider>
`;
