// Jest Snapshot v1, https://goo.gl/fbAQLP

exports[`<Article /> +++ render the component 1`] = `
<Provider
  store={
    Object {
      "clearActions": [Function],
      "dispatch": [Function],
      "getActions": [Function],
      "getState": [Function],
      "replaceReducer": [Function],
      "subscribe": [Function],
    }
  }
>
  <ModalProvider>
    <BrowserRouter>
      <Router
        history={
          Object {
            "action": "POP",
            "block": [Function],
            "createHref": [Function],
            "go": [Function],
            "goBack": [Function],
            "goForward": [Function],
            "length": 1,
            "listen": [Function],
            "location": Object {
              "hash": "",
              "pathname": "/",
              "search": "",
              "state": undefined,
            },
            "push": [Function],
            "replace": [Function],
          }
        }
      >
        <Connect(Article)
          date="2021-01-01"
          desc="test descr"
          id={1}
          image="testImg"
          isRead={true}
          name="test"
        >
          <Article
            date="2021-01-01"
            desc="test descr"
            editMode={true}
            handleDeleteElement={[Function]}
            id={1}
            image="testImg"
            isRead={true}
            name="test"
          >
            <div
              className="container article"
            >
              <div
                className="top"
              >
                <div
                  className="top-left"
                >
                  <Link
                    className="link articleLink"
                    to="/1"
                  >
                    <LinkAnchor
                      className="link articleLink"
                      href="/1"
                      navigate={[Function]}
                    >
                      <a
                        className="link articleLink"
                        href="/1"
                        onClick={[Function]}
                      >
                        <div
                          className="title read edit"
                        >
                          test
                        </div>
                      </a>
                    </LinkAnchor>
                  </Link>
                  <div
                    className="buttons"
                  >
                    <button
                      className="button btn-delete"
                      onClick={[Function]}
                    >
                      <i
                        className="material-icons center"
                      >
                        delete
                      </i>
                    </button>
                  </div>
                </div>
                <div
                  className="date"
                >
                  2021-01-01
                </div>
              </div>
              <div
                className="bottom"
              >
                <div
                  className="leftImage"
                >
                  <img
                    alt=""
                    className="showImage"
                    src="testImg"
                  />
                </div>
                <div
                  className="rightDescr"
                >
                  <div
                    className="descr"
                  >
                    test descr
                  </div>
                </div>
              </div>
            </div>
          </Article>
        </Connect(Article)>
        <Modal>
          <div
            className="modalC false"
          >
            <div
              className="modalC__content"
            >
              <h6
                className="modalC__title"
              >
                Exit
              </h6>
              <p
                className="modalC__text"
              >
                You realy want exit from edit-mode?
              </p>
              <div
                className="modalC__buttons buttons"
              >
                <button
                  className="btn__no button"
                  onClick={[Function]}
                >
                  No, Thanks
                </button>
                <button
                  className="btn__exit  button"
                  onClick={[Function]}
                >
                  Exit
                </button>
              </div>
            </div>
          </div>
        </Modal>
      </Router>
    </BrowserRouter>
  </ModalProvider>
</Provider>
`;
